Regular 'echo' call
Regular printf call
